// Jest Snapshot v1, https://goo.gl/fbAQLP

exports[`Tests the rendering of the page 1`] = `
Array [
  <div
    className="particles"
    id="tsparticles"
  >
    <canvas
      style={
        Object {
          "height": "100%",
          "width": "100%",
        }
      }
    />
  </div>,
  <<index></index> />,
]
`;
