// Jest Snapshot v1, https://goo.gl/fbAQLP

exports[`renders the without crashing 1`] = `<index />`;
