// Jest Snapshot v1, https://goo.gl/fbAQLP

exports[`opens the ElecSNU page 1`] = `<index />`;
