// Jest Snapshot v1, https://goo.gl/fbAQLP

exports[`Tests the rendering of the Choosing page 1`] = `<index />`;
