// Jest Snapshot v1, https://goo.gl/fbAQLP

exports[`Tests the rendering of the Elections 1`] = `<index />`;
