// Jest Snapshot v1, https://goo.gl/fbAQLP

exports[`Tests the Sharing ability 1`] = `
<div
  id="share"
>
  <div
    className="share-modal"
  >
    <h1
      className="heading-text center-text foreground-accent1 border-radius-15 background-1"
      style={
        Object {
          "padding": "2.5%",
        }
      }
    >
      Share your voting experience with everyone!
    </h1>
    <div
      className="cross"
      onClick={[Function]}
    >
      x
    </div>
    <div
      className="css-1qq1qhc"
    >
      
      <div
        className=" rcs-buttons"
      >
        <button
          aria-label="Share on Twitter"
          className="css-trk4o9 rcs-button"
          onClick={[Function]}
        >
          <svg
            fill="currentColor"
            height="1em"
            preserveAspectRatio="xMidYMid meet"
            style={
              Object {
                "color": undefined,
                "verticalAlign": "middle",
              }
            }
            viewBox="0 0 40 40"
            width="1em"
          >
            <g>
              <path
                d="m37.7 9.1q-1.5 2.2-3.7 3.7 0.1 0.3 0.1 1 0 2.9-0.9 5.8t-2.6 5.5-4.1 4.7-5.7 3.3-7.2 1.2q-6.1 0-11.1-3.3 0.8 0.1 1.7 0.1 5 0 9-3-2.4-0.1-4.2-1.5t-2.6-3.5q0.8 0.1 1.4 0.1 1 0 1.9-0.3-2.5-0.5-4.1-2.5t-1.7-4.6v0q1.5 0.8 3.3 0.9-1.5-1-2.4-2.6t-0.8-3.4q0-2 0.9-3.7 2.7 3.4 6.6 5.4t8.3 2.2q-0.2-0.9-0.2-1.7 0-3 2.1-5.1t5.1-2.1q3.2 0 5.3 2.3 2.4-0.5 4.6-1.7-0.8 2.5-3.2 3.9 2.1-0.2 4.2-1.1z"
              />
            </g>
          </svg>
        </button>
        <button
          aria-label="Share on Facebook"
          className="css-hn5fd rcs-button"
          onClick={[Function]}
        >
          <svg
            fill="currentColor"
            height="1em"
            preserveAspectRatio="xMidYMid meet"
            style={
              Object {
                "color": undefined,
                "verticalAlign": "middle",
              }
            }
            viewBox="0 0 40 40"
            width="1em"
          >
            <g>
              <path
                d="m29.4 0.3v5.9h-3.5q-1.9 0-2.6 0.8t-0.7 2.4v4.2h6.6l-0.9 6.6h-5.7v16.9h-6.8v-16.9h-5.7v-6.6h5.7v-4.9q0-4.1 2.3-6.4t6.2-2.3q3.3 0 5.1 0.3z"
              />
            </g>
          </svg>
        </button>
        <button
          aria-label="Share on Email"
          className="css-1pclnts rcs-button"
          onClick={[Function]}
        >
          <svg
            fill="currentColor"
            height="1em"
            preserveAspectRatio="xMidYMid meet"
            style={
              Object {
                "color": undefined,
                "verticalAlign": "middle",
              }
            }
            viewBox="0 0 40 40"
            width="1em"
          >
            <g>
              <path
                d="m40 15.8v17.8q0 1.4-1 2.5t-2.6 1h-32.8q-1.5 0-2.6-1t-1-2.5v-17.8q1 1.1 2.3 2 8 5.5 11 7.7 1.3 0.9 2.1 1.5t2.1 1 2.5 0.6h0q1.2 0 2.5-0.6t2.1-1 2.1-1.5q3.7-2.8 11.1-7.7 1.2-0.9 2.2-1.9z m0-6.5q0 1.7-1.1 3.4t-2.7 2.7q-8.4 5.8-10.5 7.3-0.2 0.1-0.9 0.6t-1.2 0.9-1.2 0.7-1.3 0.6-1.1 0.2h0q-0.5 0-1.1-0.2t-1.3-0.6-1.2-0.7-1.2-0.9-0.9-0.6q-2.1-1.5-5.9-4.1t-4.6-3.2q-1.3-0.9-2.6-2.6t-1.2-3q0-1.8 0.9-2.9t2.7-1.2h32.8q1.5 0 2.5 1.1t1.1 2.5z"
              />
            </g>
          </svg>
        </button>
        <button
          aria-label="Share on Linkedin"
          className="css-1pjeie1 rcs-button"
          onClick={[Function]}
        >
          <svg
            fill="currentColor"
            height="1em"
            preserveAspectRatio="xMidYMid meet"
            style={
              Object {
                "color": undefined,
                "verticalAlign": "middle",
              }
            }
            viewBox="0 0 40 40"
            width="1em"
          >
            <g>
              <path
                d="m10.8 13.9v22.2h-7.4v-22.1h7.4z m0.5-6.8q0 1.7-1.2 2.7t-3 1.1h0q-1.9 0-3-1.1t-1.1-2.7q0-1.6 1.2-2.7t3-1.1 2.9 1.1 1.2 2.7z m26 16.3v12.7h-7.4v-11.9q0-2.3-0.9-3.6t-2.8-1.4q-1.4 0-2.3 0.8t-1.5 1.9q-0.2 0.7-0.2 1.8v12.4h-7.3q0-8.9 0-14.5t0-6.6l0-1h7.3v3.2h-0.1q0.5-0.7 1-1.3t1.2-1.1 2-1 2.5-0.4q3.8 0 6.2 2.6t2.3 7.4z"
              />
            </g>
          </svg>
        </button>
      </div>
    </div>
  </div>
</div>
`;
