// Jest Snapshot v1, https://goo.gl/fbAQLP

exports[`Tests the rendering of the Design side 1`] = `<index />`;
