// Jest Snapshot v1, https://goo.gl/fbAQLP

exports[`checks the working of the website 1`] = `<index />`;
